// Jest Snapshot v1, https://jestjs.io/docs/snapshot-testing

exports[`native snapshot 1`] = `
<View>
  <Text>
    Apple
  </Text>
  <TextInput
    accessibilityLabel="Name"
    onChangeText={[Function]}
    value=""
  />
  <View
    accessibilityLabel="Save"
    accessibilityRole="button"
    accessibilityState={
      {
        "busy": undefined,
        "checked": undefined,
        "disabled": true,
        "expanded": undefined,
        "selected": undefined,
      }
    }
    accessibilityValue={
      {
        "max": undefined,
        "min": undefined,
        "now": undefined,
        "text": undefined,
      }
    }
    accessible={true}
    collapsable={false}
    focusable={true}
    onBlur={[Function]}
    onClick={[Function]}
    onFocus={[Function]}
    onResponderGrant={[Function]}
    onResponderMove={[Function]}
    onResponderRelease={[Function]}
    onResponderTerminate={[Function]}
    onResponderTerminationRequest={[Function]}
    onStartShouldSetResponder={[Function]}
  >
    <Text>
      Save
    </Text>
  </View>
  <Text
    accessibilityRole="alert"
  >
    Ready
  </Text>
</View>
`;
